6#CLIENTNO#FNAME#LNAME#TELNO#PREFTYPE#MAXRENT#
6#CR56#Aline#Stewart#0141-848-1825#Flat#350#
6#CR74#Mike#Richie#01475-392178#House#750#
