7#1020#1111#1000#10-DEC-94#12-DEC-94#10506#1#
7#1020#1111#1000#10-DEC-94#12-DEC-94#10507#1#
7#1020#1111#1000#10-DEC-94#12-DEC-94#10508#2#
7#1020#1111#1000#10-DEC-94#12-DEC-94#10509#3#
7#1021#1111#1000#12-JAN-95#15-JAN-95#10601#4#
7#1022#2222#1001#13-FEB-95#20-FEB-95#10601#1#
7#1022#2222#1001#13-FEB-95#20-FEB-95#10701#1#
7#1023#3333#1000#20-JUN-97#_#10800#1#
7#1023#3333#1000#20-JUN-97#_#10900#1#
7#ONO#CNO#ENO#RECEIVED#SHIPPED#PNO#QTY#
