7#10506#Land_Before_Time_I#200#19.99#20#1020#1#
7#10507#Land_Before_Time_II#156#19.99#20#1020#1#
7#10508#Land_Before_Time_III#190#19.99#20#1020#2#
7#10509#Land_Before_Time_IV#60#19.99#20#1020#3#
7#10601#Sleeping_Beauty#300#24.99#20#1021#4#
7#10601#Sleeping_Beauty#300#24.99#20#1022#1#
7#10701#When_Harry_Met_Sally#120#19.99#30#1022#1#
7#10800#Dirty_Harry#140#14.99#30#1023#1#
7#10900#Dr._Zhivago#100#24.99#30#1023#1#
7#PNO#PNAME#QOH#PRICE#OLEVEL#ONO#QTY#
