6	CLIENTNO	FNAME	LNAME	TELNO	PREFTYPE	MAXRENT	
6	CLIENTNO	FNAME	LNAME	TELNO	PREFTYPE	MAXRENT	
6	CLIENTNO	FNAME	LNAME	TELNO	PREFTYPE	MAXRENT	
6	CLIENTNO	FNAME	LNAME	TELNO	PREFTYPE	MAXRENT	
6	CR56	Aline	Stewart	0141-848-1825	Flat	350	
6	CR62	Mary	Tregear	01224-196720	Flat	600	
6	CR74	Mike	Richie	01475-392178	House	750	
6	CR76	John	Kay	0207-774-5632	Flat	425	
6	CR76	John	Kay	0207-774-5632	Flat	435	
